exports[`test renders correctly 1`] = `
<View
  style={
    Array [
      Object {
        "flex": 1,
        "overflow": "hidden"
      },
      Object {
        "flex": 1
      }
    ]
  }>
  <View
    onMoveShouldSetResponder={[Function onMoveShouldSetResponder]}
    onMoveShouldSetResponderCapture={[Function onMoveShouldSetResponderCapture]}
    onResponderEnd={[Function onResponderEnd]}
    onResponderGrant={[Function onResponderGrant]}
    onResponderMove={[Function onResponderMove]}
    onResponderReject={[Function onResponderReject]}
    onResponderRelease={[Function onResponderRelease]}
    onResponderStart={[Function onResponderStart]}
    onResponderTerminate={[Function onResponderTerminate]}
    onResponderTerminationRequest={[Function bound _handleResponderTerminationRequest]}
    onStartShouldSetResponder={[Function onStartShouldSetResponder]}
    onStartShouldSetResponderCapture={[Function onStartShouldSetResponderCapture]}
    onTouchStart={[Function bound _handleTouchStart]}
    style={
      Object {
        "backgroundColor": "transparent",
        "flex": 1,
        "overflow": "hidden"
      }
    }>
    <View
      onStartShouldSetResponderCapture={[Function onStartShouldSetResponderCapture]}
      pointerEvents="auto"
      style={
        Array [
          Object {
            "bottom": 0,
            "left": 0,
            "overflow": "hidden",
            "position": "absolute",
            "right": 0,
            "top": 0
          },
          Object {
            "bottom": 0,
            "left": 0,
            "position": "absolute",
            "right": 0,
            "top": 0
          },
          null
        ]
      }>
      <View
        style={
          Object {
            "backgroundColor": "#15204C",
            "flex": 1,
            "flexDirection": "column"
          }
        }>
        <View
          style={
            Object {
              "flex": 1,
              "justifyContent": "center"
            }
          }>
          <Image
            source={1}
            style={
              Object {
                "alignSelf": "center",
                "height": 70,
                "width": 70
              }
            } />
          <Text
            accessible={true}
            allowFontScaling={true}
            ellipsizeMode="tail"
            style={
              Object {
                "color": "#FFFFFF",
                "fontSize": 28,
                "fontWeight": "300",
                "marginBottom": 5,
                "marginTop": 20,
                "textAlign": "center"
              }
            }>
            Challenge Accepted
          </Text>
          <Text
            accessible={true}
            allowFontScaling={true}
            ellipsizeMode="tail"
            style={
              Object {
                "color": "#FFFFFF",
                "fontSize": 17,
                "fontStyle": "italic",
                "marginTop": 4,
                "textAlign": "center"
              }
            }>
            Bet friends, not computers
          </Text>
        </View>
        <View
          accessibilityComponentType={undefined}
          accessibilityLabel={undefined}
          accessibilityTraits={undefined}
          accessible={true}
          hitSlop={undefined}
          onLayout={undefined}
          onResponderGrant={[Function bound touchableHandleResponderGrant]}
          onResponderMove={[Function bound touchableHandleResponderMove]}
          onResponderRelease={[Function bound touchableHandleResponderRelease]}
          onResponderTerminate={[Function bound touchableHandleResponderTerminate]}
          onResponderTerminationRequest={[Function bound touchableHandleResponderTerminationRequest]}
          onStartShouldSetResponder={[Function bound touchableHandleStartShouldSetResponder]}
          style={
            Array [
              Object {
                "backgroundColor": "transparent"
              },
              Object {
                "alignItems": "center",
                "alignSelf": "stretch",
                "backgroundColor": "#FFF",
                "borderRadius": 5,
                "height": 50,
                "justifyContent": "center",
                "margin": 10
              }
            ]
          }
          testID={undefined}>
          <Text
            accessible={true}
            allowFontScaling={true}
            ellipsizeMode="tail">
            Log In
          </Text>
        </View>
      </View>
    </View>
  </View>
  <View
    style={
      Array [
        Object {
          "backgroundColor": "transparent",
          "left": 0,
          "position": "absolute",
          "right": 0,
          "top": 0
        },
        Object {
          "height": 64
        },
        Object {
          "backgroundColor": "#efefef",
          "height": 60
        }
      ]
    } />
</View>
`;
